# do {./compile.do}
# Cannot open macro file: ./compile.do
